[INFO] Scanning for projects...
[INFO] 
[INFO] ----------------------< com.test:test-management >----------------------
[INFO] Building test-management 1.0-SNAPSHOT
[INFO]   from pom.xml
[INFO] --------------------------------[ jar ]---------------------------------
[INFO] 
[INFO] --- jacoco:0.8.11:prepare-agent (prepare-agent) @ test-management ---
[INFO] argLine set to "-javaagent:C:\\Users\\33768\\.m2\\repository\\org\\jacoco\\org.jacoco.agent\\0.8.11\\org.jacoco.agent-0.8.11-runtime.jar=destfile=C:\\Vscode\\Test Management System\\test-management\\target\\jacoco.exec"
[INFO] 
[INFO] --- resources:3.3.1:resources (default-resources) @ test-management ---
[INFO] Copying 4 resources from src\main\resources to target\classes
[INFO] Copying 2 resources from src\main\resources to target\classes
[INFO] 
[INFO] --- compiler:3.11.0:compile (default-compile) @ test-management ---
[INFO] Nothing to compile - all classes are up to date
[INFO] 
[INFO] --- resources:3.3.1:testResources (default-testResources) @ test-management ---
[INFO] Copying 3 resources from src\test\resources to target\test-classes
[INFO] 
[INFO] --- compiler:3.11.0:testCompile (default-testCompile) @ test-management ---
[INFO] Nothing to compile - all classes are up to date
[INFO] 
[INFO] --- surefire:3.1.2:test (default-test) @ test-management ---
[WARNING]  Parameter 'systemProperties' is deprecated: Use systemPropertyVariables instead.
[INFO] Using auto detected provider org.apache.maven.surefire.junitplatform.JUnitPlatformProvider
[INFO] 
[INFO] -------------------------------------------------------
[INFO]  T E S T S
[INFO] -------------------------------------------------------
[INFO] Running com.test.ui.SwaggerUITest
[ERROR] Error: EPERM: operation not permitted, mkdir 'C:\Users\33768\AppData\Local\ms-playwright\__dirlock'
[ERROR] Tests run: 1, Failures: 0, Errors: 1, Skipped: 0, Time elapsed: 478.5 s <<< FAILURE! -- in com.test.ui.SwaggerUITest
[ERROR] com.test.ui.SwaggerUITest.testCreateTestCaseByUI -- Time elapsed: 478.4 s <<< ERROR!
java.lang.RuntimeException: Failed to create driver
	at com.microsoft.playwright.impl.driver.Driver.createAndInstall(Driver.java:105)
	at com.microsoft.playwright.impl.driver.Driver.ensureDriverInstalled(Driver.java:57)
	at com.microsoft.playwright.impl.PlaywrightImpl.createImpl(PlaywrightImpl.java:46)
	at com.microsoft.playwright.impl.PlaywrightImpl.create(PlaywrightImpl.java:36)
	at com.microsoft.playwright.Playwright.create(Playwright.java:110)
	at com.microsoft.playwright.Playwright.create(Playwright.java:114)
	at com.test.ui.SwaggerUITest.setUp(SwaggerUITest.java:27)
	at java.base/java.lang.reflect.Method.invoke(Method.java:569)
	at java.base/java.util.ArrayList.forEach(ArrayList.java:1511)
	at java.base/java.util.ArrayList.forEach(ArrayList.java:1511)
	Suppressed: java.lang.NullPointerException: Cannot invoke "com.microsoft.playwright.Page.close()" because "this.page" is null
		at com.test.ui.SwaggerUITest.tearDown(SwaggerUITest.java:61)
		... 3 more
Caused by: java.lang.RuntimeException: Failed to install browsers, exit code: 1
	at com.microsoft.playwright.impl.driver.jar.DriverJar.installBrowsers(DriverJar.java:99)
	at com.microsoft.playwright.impl.driver.jar.DriverJar.initialize(DriverJar.java:68)
	at com.microsoft.playwright.impl.driver.Driver.initialize(Driver.java:64)
	at com.microsoft.playwright.impl.driver.Driver.createAndInstall(Driver.java:101)
	... 9 more

[INFO] 
[INFO] Results:
[INFO] 
[ERROR] Errors: 
[ERROR]   SwaggerUITest.setUp:27 ? Runtime Failed to create driver
[INFO] 
[ERROR] Tests run: 1, Failures: 0, Errors: 1, Skipped: 0
[INFO] 
[WARNING] Corrupted channel by directly writing to native stream in forked JVM 1. See FAQ web page and the dump file C:\Vscode\Test Management System\test-management\target\surefire-reports\2026-05-13T16-07-45_178-jvmRun1.dumpstream
[ERROR] 

Please refer to C:\Vscode\Test Management System\test-management\target\surefire-reports for the individual test results.
Please refer to dump files (if any exist) [date].dump, [date]-jvmRun[N].dump and [date].dumpstream.
[INFO] 
[INFO] --- jacoco:0.8.11:report (report) @ test-management ---
[INFO] Skipping JaCoCo execution due to missing execution data file.
[INFO] ------------------------------------------------------------------------
[INFO] BUILD SUCCESS
[INFO] ------------------------------------------------------------------------
[INFO] Total time:  08:13 min
[INFO] Finished at: 2026-05-13T16:15:55+08:00
[INFO] ------------------------------------------------------------------------
